// Jest Snapshot v1, https://goo.gl/fbAQLP

exports[`Merge manga page should render correctly should render correctly by default 1`] = `
<div
  className="MuiContainer-root MuiContainer-maxWidthXl"
>
  <div
    className="MuiPaper-root makeStyles-root-1 MuiPaper-elevation1 MuiPaper-rounded"
  >
    <div
      className="MuiGrid-root MuiGrid-container MuiGrid-justify-xs-space-between"
    >
      <div
        className="makeStyles-mangaView-2"
      >
        <div
          className="makeStyles-search-7"
          onKeyDown={[Function]}
        >
          <div
            className="MuiInputBase-root makeStyles-inputRoot-4 MuiInputBase-adornedEnd"
            onClick={[Function]}
          >
            <input
              aria-label="search"
              autoCapitalize="none"
              autoComplete="off"
              className="MuiInputBase-input makeStyles-searchInput-3 MuiInputBase-inputAdornedEnd"
              onAnimationStart={[Function]}
              onBlur={[Function]}
              onChange={[Function]}
              onFocus={[Function]}
              placeholder="Search…"
              spellCheck={false}
              type="text"
            />
            <button
              className="MuiButtonBase-root MuiIconButton-root"
              disabled={false}
              onBlur={[Function]}
              onDragLeave={[Function]}
              onFocus={[Function]}
              onKeyDown={[Function]}
              onKeyUp={[Function]}
              onMouseDown={[Function]}
              onMouseLeave={[Function]}
              onMouseUp={[Function]}
              onTouchEnd={[Function]}
              onTouchMove={[Function]}
              onTouchStart={[Function]}
              tabIndex={0}
              type="button"
            >
              <span
                className="MuiIconButton-label"
              >
                <svg
                  aria-hidden={true}
                  className="MuiSvgIcon-root"
                  focusable="false"
                  viewBox="0 0 24 24"
                >
                  <path
                    d="M15.5 14h-.79l-.28-.27C15.41 12.59 16 11.11 16 9.5 16 5.91 13.09 3 9.5 3S3 5.91 3 9.5 5.91 16 9.5 16c1.61 0 3.09-.59 4.23-1.57l.27.28v.79l5 4.99L20.49 19l-4.99-5zm-6 0C7.01 14 5 11.99 5 9.5S7.01 5 9.5 5 14 7.01 14 9.5 11.99 14 9.5 14z"
                  />
                </svg>
              </span>
            </button>
          </div>
        </div>
      </div>
      <div
        className="makeStyles-mangaView-2"
      >
        <div
          className="makeStyles-search-7"
          onKeyDown={[Function]}
        >
          <div
            className="MuiInputBase-root makeStyles-inputRoot-4 MuiInputBase-adornedEnd"
            onClick={[Function]}
          >
            <input
              aria-label="search"
              autoCapitalize="none"
              autoComplete="off"
              className="MuiInputBase-input makeStyles-searchInput-3 MuiInputBase-inputAdornedEnd"
              onAnimationStart={[Function]}
              onBlur={[Function]}
              onChange={[Function]}
              onFocus={[Function]}
              placeholder="Search…"
              spellCheck={false}
              type="text"
            />
            <button
              className="MuiButtonBase-root MuiIconButton-root"
              disabled={false}
              onBlur={[Function]}
              onDragLeave={[Function]}
              onFocus={[Function]}
              onKeyDown={[Function]}
              onKeyUp={[Function]}
              onMouseDown={[Function]}
              onMouseLeave={[Function]}
              onMouseUp={[Function]}
              onTouchEnd={[Function]}
              onTouchMove={[Function]}
              onTouchStart={[Function]}
              tabIndex={0}
              type="button"
            >
              <span
                className="MuiIconButton-label"
              >
                <svg
                  aria-hidden={true}
                  className="MuiSvgIcon-root"
                  focusable="false"
                  viewBox="0 0 24 24"
                >
                  <path
                    d="M15.5 14h-.79l-.28-.27C15.41 12.59 16 11.11 16 9.5 16 5.91 13.09 3 9.5 3S3 5.91 3 9.5 5.91 16 9.5 16c1.61 0 3.09-.59 4.23-1.57l.27.28v.79l5 4.99L20.49 19l-4.99-5zm-6 0C7.01 14 5 11.99 5 9.5S7.01 5 9.5 5 14 7.01 14 9.5 11.99 14 9.5 14z"
                  />
                </svg>
              </span>
            </button>
          </div>
        </div>
      </div>
    </div>
    <div
      className="MuiGrid-root makeStyles-mergeButton-5"
    >
      <p
        className="MuiTypography-root makeStyles-errorMessage-6 MuiTypography-body1"
      />
    </div>
  </div>
</div>
`;
