// Jest Snapshot v1, https://goo.gl/fbAQLP

exports[`Search should render correctly without input 1`] = `
<div
  aria-expanded={false}
  aria-owns={null}
  className="MuiAutocomplete-root makeStyles-search-1 MuiAutocomplete-fullWidth MuiAutocomplete-hasClearIcon"
  onClick={[Function]}
  onKeyDown={[Function]}
  onMouseDown={[Function]}
  role="combobox"
>
  <div
    aria-label="Manga search"
    className="MuiInputBase-root makeStyles-inputRoot-2 MuiInputBase-adornedEnd"
    onClick={[Function]}
  >
    <input
      aria-activedescendant={null}
      aria-autocomplete="list"
      aria-controls={null}
      autoCapitalize="none"
      autoComplete="off"
      className="MuiInputBase-input makeStyles-inputInput-3 MuiAutocomplete-input MuiAutocomplete-inputFocused MuiInputBase-inputAdornedEnd"
      disabled={false}
      id="test-id"
      onAnimationStart={[Function]}
      onBlur={[Function]}
      onChange={[Function]}
      onFocus={[Function]}
      onMouseDown={[Function]}
      placeholder="Searchâ€¦"
      spellCheck="false"
      type="text"
      value=""
    />
    <button
      className="MuiButtonBase-root MuiIconButton-root"
      disabled={false}
      onBlur={[Function]}
      onDragLeave={[Function]}
      onFocus={[Function]}
      onKeyDown={[Function]}
      onKeyUp={[Function]}
      onMouseDown={[Function]}
      onMouseLeave={[Function]}
      onMouseUp={[Function]}
      onTouchEnd={[Function]}
      onTouchMove={[Function]}
      onTouchStart={[Function]}
      tabIndex={0}
      type="button"
    >
      <span
        className="MuiIconButton-label"
      >
        <svg
          aria-hidden={true}
          className="MuiSvgIcon-root"
          focusable="false"
          viewBox="0 0 24 24"
        >
          <path
            d="M15.5 14h-.79l-.28-.27C15.41 12.59 16 11.11 16 9.5 16 5.91 13.09 3 9.5 3S3 5.91 3 9.5 5.91 16 9.5 16c1.61 0 3.09-.59 4.23-1.57l.27.28v.79l5 4.99L20.49 19l-4.99-5zm-6 0C7.01 14 5 11.99 5 9.5S7.01 5 9.5 5 14 7.01 14 9.5 11.99 14 9.5 14z"
          />
        </svg>
      </span>
      <span
        className="MuiTouchRipple-root"
      />
    </button>
  </div>
</div>
`;
